// Jest Snapshot v1, https://goo.gl/fbAQLP

exports[`es hora de las instantaneas Snapshot 1`] = `
Object {
  "gender": "Male",
  "id": 1,
  "name": "Rick Sanches",
  "species": "Human",
  "status": "Alive",
}
`;

exports[`es hora de las instantaneas siempre fallara la instanea 1`] = `
Object {
  "createAt": 2021-08-09T23:09:49.524Z,
  "id": 15,
}
`;

exports[`es hora de las instantaneas tenemos una execpcion 1`] = `
Object {
  "id": Any<Number>,
  "name": "Oscar Barajas",
}
`;
